
 RUN  v3.2.7 /Users/matteo.pratesi/.npm/_npx/dedfc61e0dfca809/node_modules/@pagopa/it-wallet-conformance-tool

[info] [globalSetup] Trust anchor server running at https://127.0.0.1:3001 (cert: /Users/matteo.pratesi/.npm/_npx/dedfc61e0dfca809/node_modules/@pagopa/it-wallet-conformance-tool/data/backup/server.cert.pem)
[info] [globalSetup] Wallet provider server running at https://127.0.0.1:3002
[info] [globalSetup] Credential Issuer server running at https://127.0.0.1:3003
[info] [test-metadata] steps_mapping: no entry for 'AuthorizationRequestValidation', using built-in default steps

┌───────────────────────────────────────────────────────────────────────────────────────────────────────────────────────────────────────────────────────────────────────────────┐
│  WCT v1.2.1  •  AuthorizationRequestValidation                                                                                                                                │
│  Target                   openid4vp://authorize?client_id=openid_federation:http://localhost:8080&request_uri=http://localhost:8080/openid4vp/request/cGpMH-C_Vif0CUad958Byg  │
│  Profile                  AuthorizationRequestValidation                                                                                                                      │
│  IT Wallet Specs Version  V1_4                                                                                                                                                │
└───────────────────────────────────────────────────────────────────────────────────────────────────────────────────────────────────────────────────────────────────────────────┘

[AuthorizationRequestValidation|FETCH_METADATA_VP]: Discovering metadata...
[AuthorizationRequestValidation|FETCH_METADATA_VP]: Fetching Relying Party metadata from http://localhost:8080/.well-known/openid-federation
[AuthorizationRequestValidation|FETCH_METADATA_VP]: Request completed with status 200 after 0 failed attempts
[AuthorizationRequestValidation|FETCH_METADATA_VP]: Parsing entity statement JWT...
[AuthorizationRequestValidation|FETCH_METADATA_VP]: Failed to parse entity statement claims: Error: Error validating schema with data {"sub":"http://localhost:8080","metadata":{"federation_entity":{"organization_name":"Varco demo checkout","homepage_uri":"http://localhost:8080"},"openid_credential_verifier":{"application_type":"web"…
	- Invalid input: expected string, received undefined at "openid_credential_verifier.logo_uri", or Invalid input: expected string, received undefined at "openid_credential_verifier.authorization_encrypted_response_enc"
	- Invalid input: expected string, received undefined at "openid_credential_verifier.authorization_signed_response_alg"
	- Invalid input: expected record, received undefined at "openid_credential_verifier.vp_formats"
[AuthorizationRequestValidation]: [1/3] Fetch Metadata            ✅  26ms
[AuthorizationRequestValidation]: Presenting 2 local credentials
[AuthorizationRequestValidation|AUTHORIZATION_REQUEST]: Fetching authorization request from: openid4vp://authorize?client_id=openid_federation%3Ahttp%3A%2F%2Flocalhost%3A8080&request_uri=http%3A%2F%2Flocalhost%3A8080%2Fopenid4vp%2Frequest%2FcGpMH-C_Vif0CUad958Byg
[AuthorizationRequestValidation|AUTHORIZATION_REQUEST]: Authorization request fetched: {"client_id":"openid_federation:http://localhost:8080","client_metadata":{"encrypted_response_enc_values_supported":["A256GCM","A128GCM"],"jwks":{"keys":[{"alg":"ECDH-ES","kid":"demo-rp-enc","kty":"EC","use":"enc","crv":"P-256","x":"cBHkWDB6BSuGHCyT9pNowiuS5dNkYLjvE-yCuqSNFtU","y":"x6ljs5goKR3OFism6_jNkGKHAQz31piLmmURNMuqTnc"}]},"vp_formats_supported":{"dc+sd-jwt":{"kb-jwt_alg_values":["ES256"],"sd-jwt_alg_values":["ES256"]}},"authorization_encrypted_response_alg":"ECDH-ES","authorization_encrypted_response_enc":"A256GCM"},"dcql_query":{"credentials":[{"id":"pid","format":"dc+sd-jwt","meta":{"vct_values":["urn:eudi:pid:it:1"]},"claims":[{"path":["given_name"]},{"path":["family_name"]}]}]},"nonce":"t5u1GXj_NdGBFOyPdfLBn2vy9cJwA_Ky4ER5vVtmOjw","response_mode":"direct_post.jwt","response_type":"vp_token","response_uri":"http://localhost:8080/openid4vp/response/cGpMH-C_Vif0CUad958Byg","state":"cGpMH-C_Vif0CUad958Byg","aud":"https://self-issued.me/v2","iss":"openid_federation:http://localhost:8080","exp":1787861787,"iat":1787861487}.
[AuthorizationRequestValidation|AUTHORIZATION_REQUEST]: Dcql Query requested: {"credentials":[{"id":"pid","require_cryptographic_holder_binding":true,"multiple":false,"format":"dc+sd-jwt","claims":[{"path":["given_name"]},{"path":["family_name"]}],"meta":{"vct_values":["urn:eudi:pid:it:1"]}}]}
[AuthorizationRequestValidation|AUTHORIZATION_REQUEST]: Credentials available in the wallet (2):
[AuthorizationRequestValidation|AUTHORIZATION_REQUEST]:   [1] format: dc+sd-jwt, vct: urn:eudi:pid:it:1
[AuthorizationRequestValidation|AUTHORIZATION_REQUEST]:   [2] format: mso_mdoc, docType: org.iso.18013.5.1.mDL
[AuthorizationRequestValidation|AUTHORIZATION_REQUEST]: DCQL query requests (1) credential(s):
[AuthorizationRequestValidation|AUTHORIZATION_REQUEST]:   [1] id: "pid", format: dc+sd-jwt, vct: urn:eudi:pid:it:1
[AuthorizationRequestValidation|AUTHORIZATION_REQUEST]: VP Token built successfully from DCQL query.
[AuthorizationRequestValidation]: [2/3] Authorization Request     ✅  21ms
[AuthorizationRequestValidation|RPR-25]: Conformance test: Malformed claims in presentation payload
[AuthorizationRequestValidation|RPR-25]: → Building JARM with malformed vp_token claims...
[AuthorizationRequestValidation|RPR-25]: → Posting tampered JARM to response_uri...
[AuthorizationRequestValidation|RPR-25]: → Validating RP rejected the malformed payload...
[AuthorizationRequestValidation|RPR-25]: ✅  RP correctly rejected response with malformed claims
[AuthorizationRequestValidation|RPR-26]: Conformance test: Malformed claims in presented credentials
[AuthorizationRequestValidation|RPR-26]: → Building JARM with malformed credential-level claims...
[AuthorizationRequestValidation|RPR-26]: → Posting tampered JARM to response_uri...
[AuthorizationRequestValidation|RPR-26]: → Validating RP rejected the malformed credentials...
[AuthorizationRequestValidation|RPR-26]: ✅  RP correctly rejected response with malformed credential claims
[AuthorizationRequestValidation|RPR-36]: Conformance test: Large response payloads
[AuthorizationRequestValidation|RPR-36]: → Building oversized encrypted response payload...
[AuthorizationRequestValidation|RPR-36]: → Posting oversized JARM to response_uri...
[AuthorizationRequestValidation|RPR-36]: → Validating RP rejected the oversized payload safely...
[AuthorizationRequestValidation|RPR-36]: ✅  RP correctly rejected oversized response payload
··[AuthorizationRequestValidation|RPR-37]: Conformance test: Response encryption failures
[AuthorizationRequestValidation|RPR-37]: → Generating a random EC key for wrong encryption...
[AuthorizationRequestValidation|RPR-37]: → Posting wrongly-encrypted JARM to response_uri...
[AuthorizationRequestValidation|RPR-37]: → Validating RP rejected the response...
[AuthorizationRequestValidation|RPR-37]: ✅  RP correctly rejected response with wrong encryption key
[AuthorizationRequestValidation|RPR-38]: Conformance test: Invalid signatures
[AuthorizationRequestValidation|RPR-38]: → Tampering with the JARM JWE ciphertext...
[AuthorizationRequestValidation|RPR-38]: → Posting tampered JARM to response_uri...
[AuthorizationRequestValidation|RPR-38]: → Validating RP rejected the tampered content...
[AuthorizationRequestValidation|RPR-38]: ✅  RP correctly rejected response with tampered signature
[AuthorizationRequestValidation|RPR-39]: Conformance test: Invalid nonce values
···[AuthorizationRequestValidation|RPR-39]: → Building JARM with a wrong nonce via createAuthorizationResponse...
[AuthorizationRequestValidation|RPR-39]: → Posting JARM with wrong nonce to response_uri...
[AuthorizationRequestValidation|RPR-39]: → Validating RP rejected the nonce mismatch...
[AuthorizationRequestValidation|RPR-39]: ❌  RP correctly rejected response with mismatched nonce
[AuthorizationRequestValidation|RPR-49]: Conformance test: Unsupported content types
[AuthorizationRequestValidation|RPR-49]: → Posting JARM to response_uri with Content-Type: text/plain...
[AuthorizationRequestValidation|RPR-49]: → Validating RP rejected the unsupported content type...
[AuthorizationRequestValidation|RPR-49]: ✅  RP correctly rejected response with unsupported Content-Type
[AuthorizationRequestValidation|RPR-52]: Conformance test: Response decryption failures
[AuthorizationRequestValidation|RPR-52]: → Posting completely malformed JWE to response_uri...
[AuthorizationRequestValidation|RPR-52]: → Validating RP rejected the malformed JWE...
[AuthorizationRequestValidation|RPR-52]: ✅  RP correctly rejected response with malformed JWE
[AuthorizationRequestValidation|RPR-53]: Conformance test: SD-JWT integrity verification failure
[AuthorizationRequestValidation|RPR-53]: → Tampering KB-JWT signature inside the SD-JWT VP vp_token...
[AuthorizationRequestValidation|RPR-53]: → Re-building JARM with tampered vp_token and posting to response_uri...
[AuthorizationRequestValidation|RPR-53]: → Validating RP rejected the tampered SD-JWT...
[AuthorizationRequestValidation|RPR-53]: ✅  RP correctly rejected response with tampered SD-JWT KB-JWT signature
x··[AuthorizationRequestValidation|RPR-103]: Conformance test: RPR-103 KB-JWT signature validation using public key
[AuthorizationRequestValidation|RPR-103]: → Re-signing KB-JWT inside the SD-JWT VP vp_token with a fresh, unrelated key...
[AuthorizationRequestValidation|RPR-103]: → Re-building JARM with the re-signed vp_token and posting to response_uri...
·[AuthorizationRequestValidation|RPR-103]: → Validating RP rejects a KB-JWT that does not verify against the bound public key...
[AuthorizationRequestValidation|RPR-103]: ✅  RPR-103: RP validates the KB-JWT signature against the key bound in the SD-JWT cnf claim
[AuthorizationRequestValidation|RPR-54]: Conformance test: Relying Party Response validation failures
[AuthorizationRequestValidation|RPR-54]: → Posting an encrypted response missing the required vp_token claim...
[AuthorizationRequestValidation|RPR-54]: → Validating RP returned a controlled error response...
[AuthorizationRequestValidation|RPR-54]: ✅  RP returned an error response when authorization response validation failed
·[AuthorizationRequestValidation|RPR-55]: Conformance test: Relying Party Response processing errors
[AuthorizationRequestValidation|RPR-55]: → Posting an encrypted response with an unprocessable credential query result...
·[AuthorizationRequestValidation|RPR-55]: → Validating RP returned a controlled error response...
[AuthorizationRequestValidation|RPR-55]: ✅  RP returned an error response when authorization response processing failed
[AuthorizationRequestValidation|RPR-60]: Conformance test: Invalid HTTP methods (GET)
[AuthorizationRequestValidation|RPR-60]: → Sending GET request to response_uri...
[AuthorizationRequestValidation|RPR-60]: → Validating RP rejected the GET method...
[AuthorizationRequestValidation|RPR-60]: ✅  RP correctly rejected GET request to response_uri
[AuthorizationRequestValidation|RPR-63]: Conformance test: Response signature failures
[AuthorizationRequestValidation|RPR-63]: → Corrupting the JARM JWE ciphertext segment...
[AuthorizationRequestValidation|RPR-63]: → Posting corrupted JARM to response_uri...
[AuthorizationRequestValidation|RPR-63]: → Validating RP rejected the corrupted content...
[AuthorizationRequestValidation|RPR-63]: ✅  RP correctly rejected response with corrupted ciphertext
[AuthorizationRequestValidation|RPR-65]: Conformance test: Invalid JWT signatures
[AuthorizationRequestValidation|RPR-65]: → Appending garbage to the JARM JWE to break integrity...
[AuthorizationRequestValidation|RPR-65]: → Posting broken JARM to response_uri...
[AuthorizationRequestValidation|RPR-65]: → Validating RP rejected the broken JWT...
[AuthorizationRequestValidation|RPR-65]: ✅  RP correctly rejected response with broken JWT integrity
[AuthorizationRequestValidation|RPR-66]: Conformance test: Invalid JWT claims
[AuthorizationRequestValidation|RPR-66]: → Building JARM with completely invalid claims...
[AuthorizationRequestValidation|RPR-66]: → Posting JARM with invalid claims to response_uri...
[AuthorizationRequestValidation|RPR-66]: → Validating RP rejected the invalid claims...
[AuthorizationRequestValidation|RPR-66]: ✅  RP correctly rejected response with invalid JWT claims
[AuthorizationRequestValidation|RPR-67]: Conformance test: Relying Party Response parsing errors
·····[AuthorizationRequestValidation|RPR-67]: → Posting an encrypted response whose plaintext is not JSON...
[AuthorizationRequestValidation|RPR-67]: → Validating RP returned a controlled error response...
[AuthorizationRequestValidation|RPR-67]: ✅  RP returned an error response when authorization response parsing failed
[AuthorizationRequestValidation|RPR-68]: Conformance test: Relying Party Response timeout errors
[AuthorizationRequestValidation|RPR-68]: → Posting an encrypted response with an expired exp claim...
·[AuthorizationRequestValidation|RPR-68]: → Validating RP returned a controlled timeout error response...
[AuthorizationRequestValidation|RPR-68]: ❌  RP returned an error response when the authorization response was expired
[AuthorizationRequestValidation|RPR-76]: Conformance test: Unsupported HTTP methods
[AuthorizationRequestValidation|RPR-76]: → Sending PUT request to response_uri...
[AuthorizationRequestValidation|RPR-76]: ✅  RP correctly rejected unsupported HTTP methods
[AuthorizationRequestValidation|RPR-76]: Conformance test: Unsupported HTTP methods
[AuthorizationRequestValidation|RPR-76]: → Sending DELETE request to response_uri...
[AuthorizationRequestValidation|RPR-76]: ✅  RP correctly rejected unsupported HTTP methods
[AuthorizationRequestValidation|RPR-76]: Conformance test: Unsupported HTTP methods
[AuthorizationRequestValidation|RPR-76]: → Sending PATCH request to response_uri...
[AuthorizationRequestValidation|RPR-76]: ✅  RP correctly rejected unsupported HTTP methods

┌─────────────────────────────────────────────────────────────────────┐
│  Test Results                                                       │
├─────────────────────────────────────────────────────────────────────┤
│  ❌  19 passed   2 failed  ⏱ 1120ms  AuthorizationRequestValidation  │
└─────────────────────────────────────────────────────────────────────┘

x···[info] [test-metadata] steps_mapping: no entry for 'HappyFlowPresentation', using built-in default steps

┌───────────────────────────────────────────────────────────────────────────────────────────────────────────────────────────────────────────────────────────────────────────────┐
│  WCT v1.2.1  •  HappyFlowPresentation                                                                                                                                         │
│  Target                   openid4vp://authorize?client_id=openid_federation:http://localhost:8080&request_uri=http://localhost:8080/openid4vp/request/peztUH4FE0XV_pfIklOXzQ  │
│  Profile                  HappyFlowPresentation                                                                                                                               │
│  IT Wallet Specs Version  V1_4                                                                                                                                                │
└───────────────────────────────────────────────────────────────────────────────────────────────────────────────────────────────────────────────────────────────────────────────┘

[HappyFlowPresentation|FETCH_METADATA_VP]: Discovering metadata...
[HappyFlowPresentation|FETCH_METADATA_VP]: Fetching Relying Party metadata from http://localhost:8080/.well-known/openid-federation
[HappyFlowPresentation|FETCH_METADATA_VP]: Request completed with status 200 after 0 failed attempts
[HappyFlowPresentation|FETCH_METADATA_VP]: Parsing entity statement JWT...
[HappyFlowPresentation|FETCH_METADATA_VP]: Failed to parse entity statement claims: Error: Error validating schema with data {"sub":"http://localhost:8080","metadata":{"federation_entity":{"organization_name":"Varco demo checkout","homepage_uri":"http://localhost:8080"},"openid_credential_verifier":{"application_type":"web"…
	- Invalid input: expected string, received undefined at "openid_credential_verifier.logo_uri", or Invalid input: expected string, received undefined at "openid_credential_verifier.authorization_encrypted_response_enc"
	- Invalid input: expected string, received undefined at "openid_credential_verifier.authorization_signed_response_alg"
	- Invalid input: expected record, received undefined at "openid_credential_verifier.vp_formats"
[HappyFlowPresentation]: [1/3] Fetch Metadata            ✅  17ms
[HappyFlowPresentation]: Presenting 2 local credentials
[HappyFlowPresentation|AUTHORIZATION_REQUEST]: Fetching authorization request from: openid4vp://authorize?client_id=openid_federation%3Ahttp%3A%2F%2Flocalhost%3A8080&request_uri=http%3A%2F%2Flocalhost%3A8080%2Fopenid4vp%2Frequest%2FpeztUH4FE0XV_pfIklOXzQ
[HappyFlowPresentation|AUTHORIZATION_REQUEST]: Authorization request fetched: {"client_id":"openid_federation:http://localhost:8080","client_metadata":{"encrypted_response_enc_values_supported":["A256GCM","A128GCM"],"jwks":{"keys":[{"alg":"ECDH-ES","kid":"demo-rp-enc","kty":"EC","use":"enc","crv":"P-256","x":"cBHkWDB6BSuGHCyT9pNowiuS5dNkYLjvE-yCuqSNFtU","y":"x6ljs5goKR3OFism6_jNkGKHAQz31piLmmURNMuqTnc"}]},"vp_formats_supported":{"dc+sd-jwt":{"kb-jwt_alg_values":["ES256"],"sd-jwt_alg_values":["ES256"]}},"authorization_encrypted_response_alg":"ECDH-ES","authorization_encrypted_response_enc":"A256GCM"},"dcql_query":{"credentials":[{"id":"pid","format":"dc+sd-jwt","meta":{"vct_values":["urn:eudi:pid:it:1"]},"claims":[{"path":["given_name"]},{"path":["family_name"]}]}]},"nonce":"Cytlws-Ux2Nj-3FNlSS8EHjAmA6v75Wj9MkfKLvrgeo","response_mode":"direct_post.jwt","response_type":"vp_token","response_uri":"http://localhost:8080/openid4vp/response/peztUH4FE0XV_pfIklOXzQ","state":"peztUH4FE0XV_pfIklOXzQ","aud":"https://self-issued.me/v2","iss":"openid_federation:http://localhost:8080","exp":1787861789,"iat":1787861489}.
[HappyFlowPresentation|AUTHORIZATION_REQUEST]: Dcql Query requested: {"credentials":[{"id":"pid","require_cryptographic_holder_binding":true,"multiple":false,"format":"dc+sd-jwt","claims":[{"path":["given_name"]},{"path":["family_name"]}],"meta":{"vct_values":["urn:eudi:pid:it:1"]}}]}
[HappyFlowPresentation|AUTHORIZATION_REQUEST]: Credentials available in the wallet (2):
[HappyFlowPresentation|AUTHORIZATION_REQUEST]:   [1] format: dc+sd-jwt, vct: urn:eudi:pid:it:1
[HappyFlowPresentation|AUTHORIZATION_REQUEST]:   [2] format: mso_mdoc, docType: org.iso.18013.5.1.mDL
[HappyFlowPresentation|AUTHORIZATION_REQUEST]: DCQL query requests (1) credential(s):
[HappyFlowPresentation|AUTHORIZATION_REQUEST]:   [1] id: "pid", format: dc+sd-jwt, vct: urn:eudi:pid:it:1
[HappyFlowPresentation|AUTHORIZATION_REQUEST]: VP Token built successfully from DCQL query.
[HappyFlowPresentation]: [2/3] Authorization Request     ✅  14ms
[HappyFlowPresentation|REDIRECT_URI]: Fetching authorization response from: http://localhost:8080/openid4vp/response/peztUH4FE0XV_pfIklOXzQ
[HappyFlowPresentation]: [3/3] Redirect URI              ✅  12ms
[HappyFlowPresentation]: Presentation flow completed successfully
[HappyFlowPresentation|RPR-01]: Conformance test: Verifying Same Device Flow HTTP redirect URL alignment with RP metadata
[HappyFlowPresentation|RPR-01]: ❌  Relying Party correctly issues an inspectable 302 redirect URL using a metadata-declared base URL
[HappyFlowPresentation|RPR-02]: Conformance test: Verifying Cross Device Flow QR-Code payload presence and format
[HappyFlowPresentation|RPR-02]: ✅  Relying Party correctly issues a QR-Code payload containing a well-formed authorization request
[HappyFlowPresentation|RPR-03]: Conformance test: Verifying QR-Code URL alignment with RP metadata
[HappyFlowPresentation|RPR-03]: ✅  Relying Party correctly issues QR-Code with URL from metadata and client_id matches issuer
[HappyFlowPresentation|RPR-05]: Conformance test: Verifying Cross Device Flow QR-Code error correction level capacity
[HappyFlowPresentation|RPR-05]: ✅  Relying Party QR-Code payload fits the required Q error correction level capacity
[HappyFlowPresentation|RPR-77]: Conformance test: Verifying Cross Device Flow QR-Code payload fits error correction level Q
[HappyFlowPresentation|RPR-77]: ✅  Relying Party QR-Code payload fits the required Q error correction level capacity
[HappyFlowPresentation|RPR-07]: Conformance test: Verifying request_uri_method=post with Wallet Instance metadata
[HappyFlowPresentation|RPR-07]: ✅  Relying Party accepts Wallet Instance metadata via POST and replies with an updated Request Object
[HappyFlowPresentation|RPR-86]: Conformance test: Verifying Wallet Instance metadata privacy separation
[HappyFlowPresentation|RPR-86]: ✅  Relying Party correctly evaluates Wallet Instance technical capabilities
[HappyFlowPresentation|RPR-87]: Conformance test: Verifying request_uri_method=post sends Wallet Instance metadata as application/x-www-form-urlencoded
[HappyFlowPresentation|RPR-87]: ✅  Relying Party accepts Wallet Instance metadata sent via form-encoded POST to request_uri
[HappyFlowPresentation|RPR-88]: Conformance test: Verifying Request Object JWT algorithm is supported and not none or MAC
[HappyFlowPresentation|RPR-88]: ✅  Request Object JWT algorithm is supported by the Wallet and is neither none nor MAC-based
[HappyFlowPresentation|RPR-08]: Conformance test: Verifying request_uri_method=get Request Object retrieval
[HappyFlowPresentation|RPR-08]: ✅  Relying Party issues the Request Object via HTTP GET response
[HappyFlowPresentation|RPR-09]: Conformance test: Verifying HTTP GET method support for request objects
[HappyFlowPresentation|RPR-09]: ✅  Relying Party supports GET method for request objects, defaults if not specified
[HappyFlowPresentation|RPR-12]: Conformance test: Verifying state and nonce parameter presence and format
[HappyFlowPresentation|RPR-12]: ✅  Relying Party receives and validates state and nonce values in response
[HappyFlowPresentation|RPR-13]: Conformance test: Verifying authorization response encryption key selection
[HappyFlowPresentation|RPR-13]: ✅  Authorization Response is encrypted with a public key declared by the Relying Party
[HappyFlowPresentation|RPR-19]: Conformance test: Verifying redirect URI functionality and response code
[HappyFlowPresentation|RPR-19]: ✅  Relying Party correctly redirects user and endpoint returns valid response_code
[HappyFlowPresentation|RPR-23]: Conformance test: Verifying Credential Presentation response format compliance
[HappyFlowPresentation|RPR-23]: ✅  Relying Party metadata declares usable credential presentation formats and requests only declared formats
[HappyFlowPresentation|RPR-28]: Conformance test: Verifying response_code entropy requirements
[HappyFlowPresentation|RPR-28]: ✅  Relying Party correctly provides response_code with sufficient entropy (≥32 characters, URL-safe charset)
[HappyFlowPresentation|RPR-62]: Conformance test: Verifying user-consented optional data is returned in the presentation
[HappyFlowPresentation|RPR-62]: ✅  Wallet returns the claim data requested by the Relying Party after user consent
[HappyFlowPresentation|RPR-78]: Conformance test: Verifying DCQL query standard format compliance
[HappyFlowPresentation|RPR-78]: ✅  Relying Party correctly uses standard DCQL query with valid credentials array
[HappyFlowPresentation|RPR-79]: Conformance test: Verifying Wallet Attestation does not include claims parameter
[HappyFlowPresentation|RPR-79]: ✅  Relying Party correctly omits claims parameter for Wallet Attestation in DCQL query
[HappyFlowPresentation|RPR-80]: Conformance test: Verifying vct_values presence in DCQL credentials
[HappyFlowPresentation|RPR-80]: ✅  Relying Party correctly requires vct_values in all DCQL query credentials
[HappyFlowPresentation|RPR-81]: Conformance test: Verifying wallet_nonce binding
[HappyFlowPresentation|RPR-81]: ✅  Relying Party correctly checks wallet_nonce when present
[HappyFlowPresentation|RPR-82]: Conformance test: Verifying response_types_supported metadata value
[HappyFlowPresentation|RPR-82]: ✅  response_types_supported is correctly set to vp_token when present
[HappyFlowPresentation|RPR-83]: Conformance test: Verifying response_uri and redirect_uri handling
[HappyFlowPresentation|RPR-83]: ✅  Relying Party correctly provides response_uri and handles redirect_uri
[HappyFlowPresentation|RPR-84]: Conformance test: Verifying required Same Device and Cross Device flow support
[HappyFlowPresentation|RPR-84]: ❌  Relying Party supports both Same Device and Cross Device flows
[HappyFlowPresentation|RPR-85]: Conformance test: Verifying request_uri base path is attested by verifier metadata
[HappyFlowPresentation|RPR-85]: ✅  request_uri base path is present in client metadata request_uris
[HappyFlowPresentation|RPR-89]: Conformance test: Verifying JWT typ header parameter
[HappyFlowPresentation|RPR-89]: ✅  Relying Party correctly sets JWT typ header to oauth-authz-req+jwt
[HappyFlowPresentation|RPR-90]: Conformance test: Verifying response_mode parameter value
[HappyFlowPresentation|RPR-90]: ✅  Relying Party correctly sets response_mode to direct_post.jwt
[HappyFlowPresentation|RPR-91]: Conformance test: Verifying response_type parameter value
[HappyFlowPresentation|RPR-91]: ✅  Relying Party correctly sets response_type to vp_token
[HappyFlowPresentation|RPR-92]: Conformance test: Verifying authorization response submission to response_uri
[HappyFlowPresentation|RPR-92]: ✅  Relying Party correctly sends Authorization Response to response_uri endpoint
[HappyFlowPresentation|RPR-93]: Conformance test: Verifying nonce entropy requirements
[HappyFlowPresentation|RPR-93]: ✅  Relying Party correctly provides nonce with sufficient entropy (≥32 characters)
[HappyFlowPresentation|RPR-101]: Conformance test: Verifying vp_token contains the requested signed presentations
[HappyFlowPresentation|RPR-101]: ✅  vp_token contains the requested signed presentations as required
[HappyFlowPresentation|RPR-102]: Conformance test: Verifying SD-JWT VP KB-JWT inclusion
[HappyFlowPresentation|RPR-102]: ✅  SD-JWT VP contains a KB-JWT proof
[HappyFlowPresentation|RPR-104]: Conformance test: Verifying KB-JWT protected header claims
[HappyFlowPresentation|RPR-104]: ✅  KB-JWT protected header contains required typ and alg
[HappyFlowPresentation|RPR-105]: Conformance test: Verifying KB-JWT required payload claims
[HappyFlowPresentation|RPR-105]: ❌  KB-JWT payload contains required iat, aud, nonce, and sd_hash
[HappyFlowPresentation|RPR-106]: Conformance test: Verifying KB-JWT audience claim
[HappyFlowPresentation|RPR-106]: ❌  KB-JWT aud claim equals the Relying Party unique entity identifier
[HappyFlowPresentation|RPR-107]: Conformance test: Verifying KB-JWT nonce claim
[HappyFlowPresentation|RPR-107]: ✅  KB-JWT nonce claim equals the Request Object nonce
[HappyFlowPresentation|RPR-110]: Conformance test: Successful response_uri processing
[HappyFlowPresentation|RPR-110]: → Inspecting the already completed response_uri exchange...
[HappyFlowPresentation|RPR-110]: ✅  Response URI returns HTTP 200 with application/json content type
[HappyFlowPresentation|RPR-95]: Conformance test: Verifying response_uri base path is attested by verifier metadata
[HappyFlowPresentation|RPR-95]: ✅  response_uri base path is present in client metadata response_uris
[HappyFlowPresentation|RPR-112]: Conformance test: Verifying fresh response_code in redirect_uri
[HappyFlowPresentation|RPR-112]: ✅  Relying Party includes fresh response code in redirect_uri
[HappyFlowPresentation|RPR-94]: Conformance test: Verifying JWT expiration timestamp validity
[HappyFlowPresentation|RPR-94]: ✅  Relying Party correctly sets JWT exp parameter to a future timestamp

┌──────────────────────────────────────────────────────────┐
│  Test Results                                            │
├──────────────────────────────────────────────────────────┤
│  ❌  36 passed   4 failed  ⏱ 15ms  HappyFlowPresentation  │
└──────────────────────────────────────────────────────────┘

x··········-············x·········xx·····[info] [test-metadata] steps_mapping: no entry for 'RedirectUriValidation', using built-in default steps

┌───────────────────────────────────────────────────────────────────────────────────────────────────────────────────────────────────────────────────────────────────────────────┐
│  WCT v1.2.1  •  RedirectUriValidation                                                                                                                                         │
│  Target                   openid4vp://authorize?client_id=openid_federation:http://localhost:8080&request_uri=http://localhost:8080/openid4vp/request/AfewnOlfnCiryRv-ttnyzg  │
│  Profile                  RedirectUriValidation                                                                                                                               │
│  IT Wallet Specs Version  V1_4                                                                                                                                                │
└───────────────────────────────────────────────────────────────────────────────────────────────────────────────────────────────────────────────────────────────────────────────┘

[RedirectUriValidation|FETCH_METADATA_VP]: Discovering metadata...
[RedirectUriValidation|FETCH_METADATA_VP]: Fetching Relying Party metadata from http://localhost:8080/.well-known/openid-federation
[RedirectUriValidation|FETCH_METADATA_VP]: Request completed with status 200 after 0 failed attempts
[RedirectUriValidation|FETCH_METADATA_VP]: Parsing entity statement JWT...
[RedirectUriValidation|FETCH_METADATA_VP]: Failed to parse entity statement claims: Error: Error validating schema with data {"sub":"http://localhost:8080","metadata":{"federation_entity":{"organization_name":"Varco demo checkout","homepage_uri":"http://localhost:8080"},"openid_credential_verifier":{"application_type":"web"…
	- Invalid input: expected string, received undefined at "openid_credential_verifier.logo_uri", or Invalid input: expected string, received undefined at "openid_credential_verifier.authorization_encrypted_response_enc"
	- Invalid input: expected string, received undefined at "openid_credential_verifier.authorization_signed_response_alg"
	- Invalid input: expected record, received undefined at "openid_credential_verifier.vp_formats"
[RedirectUriValidation]: [1/3] Fetch Metadata            ✅  18ms
[RedirectUriValidation]: Presenting 2 local credentials
[RedirectUriValidation|AUTHORIZATION_REQUEST]: Fetching authorization request from: openid4vp://authorize?client_id=openid_federation%3Ahttp%3A%2F%2Flocalhost%3A8080&request_uri=http%3A%2F%2Flocalhost%3A8080%2Fopenid4vp%2Frequest%2FAfewnOlfnCiryRv-ttnyzg
[RedirectUriValidation|AUTHORIZATION_REQUEST]: Authorization request fetched: {"client_id":"openid_federation:http://localhost:8080","client_metadata":{"encrypted_response_enc_values_supported":["A256GCM","A128GCM"],"jwks":{"keys":[{"alg":"ECDH-ES","kid":"demo-rp-enc","kty":"EC","use":"enc","crv":"P-256","x":"cBHkWDB6BSuGHCyT9pNowiuS5dNkYLjvE-yCuqSNFtU","y":"x6ljs5goKR3OFism6_jNkGKHAQz31piLmmURNMuqTnc"}]},"vp_formats_supported":{"dc+sd-jwt":{"kb-jwt_alg_values":["ES256"],"sd-jwt_alg_values":["ES256"]}},"authorization_encrypted_response_alg":"ECDH-ES","authorization_encrypted_response_enc":"A256GCM"},"dcql_query":{"credentials":[{"id":"pid","format":"dc+sd-jwt","meta":{"vct_values":["urn:eudi:pid:it:1"]},"claims":[{"path":["given_name"]},{"path":["family_name"]}]}]},"nonce":"KTqChcX4vCBNZe75G2PF2ilLFTWi91bKwJ8MqNZQTBo","response_mode":"direct_post.jwt","response_type":"vp_token","response_uri":"http://localhost:8080/openid4vp/response/AfewnOlfnCiryRv-ttnyzg","state":"AfewnOlfnCiryRv-ttnyzg","aud":"https://self-issued.me/v2","iss":"openid_federation:http://localhost:8080","exp":1787861790,"iat":1787861490}.
[RedirectUriValidation|AUTHORIZATION_REQUEST]: Dcql Query requested: {"credentials":[{"id":"pid","require_cryptographic_holder_binding":true,"multiple":false,"format":"dc+sd-jwt","claims":[{"path":["given_name"]},{"path":["family_name"]}],"meta":{"vct_values":["urn:eudi:pid:it:1"]}}]}
[RedirectUriValidation|AUTHORIZATION_REQUEST]: Credentials available in the wallet (2):
[RedirectUriValidation|AUTHORIZATION_REQUEST]:   [1] format: dc+sd-jwt, vct: urn:eudi:pid:it:1
[RedirectUriValidation|AUTHORIZATION_REQUEST]:   [2] format: mso_mdoc, docType: org.iso.18013.5.1.mDL
[RedirectUriValidation|AUTHORIZATION_REQUEST]: DCQL query requests (1) credential(s):
[RedirectUriValidation|AUTHORIZATION_REQUEST]:   [1] id: "pid", format: dc+sd-jwt, vct: urn:eudi:pid:it:1
[RedirectUriValidation|AUTHORIZATION_REQUEST]: VP Token built successfully from DCQL query.
[RedirectUriValidation]: [2/3] Authorization Request     ✅  15ms
[RedirectUriValidation|RPR-14]: Conformance test: Invalid Request Object handling
[RedirectUriValidation|RPR-14]: → Posting an invalid_request Authorization Error Response to response_uri...
[RedirectUriValidation|RPR-14]: → Validating RP processed the wallet error response without crashing...
[RedirectUriValidation|RPR-14]: ✅  RP accepts Authorization Error Response for invalid Request Object
[RedirectUriValidation|RPR-17]: Conformance test: Fake HTTP Cookie
[RedirectUriValidation|RPR-17]: → Posting a valid JARM to response_uri with a forged HTTP Cookie...
[RedirectUriValidation|RPR-17]: → Validating RP rejected the forged cookie despite valid state/nonce payload...
[RedirectUriValidation|RPR-17]: ✅  RP rejects authorization responses coupled to a forged session cookie
[RedirectUriValidation|RPR-20]: Conformance test: Invalid redirect_uri handling
[RedirectUriValidation|RPR-20]: → Running redirect step with a tampered response_uri...
[error] [REDIRECT_URI] step failed: Unexpected error sending authorization response: Unknown error occurred during fetch to 'invalid_response_uri'
Cause: Failed to parse URL from invalid_response_uri
[RedirectUriValidation|RPR-20]: → Validating that the step failed for a tampered RP-hosted redirect target...
[RedirectUriValidation|RPR-20]: ✅  RP securely rejects invalid redirect_uri overrides
[RedirectUriValidation|RPR-29]: Conformance test: Invalid response codes
[RedirectUriValidation|RPR-29]: → Running redirect step to get a valid redirect_uri...
[error] [REDIRECT_URI] step failed: message=Http request failed. Expected 200, got 400, url: http://localhost:8080/openid4vp/response/AfewnOlfnCiryRv-ttnyzg reason={"error":"invalid_request","error_description":"REPLAY"} statusCode=400
[RedirectUriValidation|RPR-29]: ❌  RP gracefully handles invalid response_code replays
[RedirectUriValidation|RPR-30]: Conformance test: Status Endpoint unauthorized access
[RedirectUriValidation|RPR-30]: → Running redirect step to get a valid status endpoint URL...
[error] [REDIRECT_URI] step failed: message=Http request failed. Expected 200, got 400, url: http://localhost:8080/openid4vp/response/AfewnOlfnCiryRv-ttnyzg reason={"error":"invalid_request","error_description":"REPLAY"} statusCode=400
[RedirectUriValidation|RPR-30]: ❌  RP denies unauthorized access to the status endpoint
[RedirectUriValidation|RPR-31]: Conformance test: Status Endpoint invalid session IDs
[RedirectUriValidation|RPR-31]: → Running redirect step to get a valid status endpoint URL...
[error] [REDIRECT_URI] step failed: message=Http request failed. Expected 200, got 400, url: http://localhost:8080/openid4vp/response/AfewnOlfnCiryRv-ttnyzg reason={"error":"invalid_request","error_description":"REPLAY"} statusCode=400
[RedirectUriValidation|RPR-31]: ❌  RP returns an error response when the status endpoint session ID is invalid
[RedirectUriValidation|RPR-32]: Conformance test: Redirect URI expired sessions
[RedirectUriValidation|RPR-32]: → Running redirect step to get a valid redirect_uri...
[error] [REDIRECT_URI] step failed: message=Http request failed. Expected 200, got 400, url: http://localhost:8080/openid4vp/response/AfewnOlfnCiryRv-ttnyzg reason={"error":"invalid_request","error_description":"REPLAY"} statusCode=400
[RedirectUriValidation|RPR-32]: ❌  RP returns an error response when the redirect URI session is expired
[RedirectUriValidation|RPR-33]: Conformance test: Redirect URI server errors
[RedirectUriValidation|RPR-33]: → Running redirect step to get a valid redirect_uri...
[error] [REDIRECT_URI] step failed: message=Http request failed. Expected 200, got 400, url: http://localhost:8080/openid4vp/response/AfewnOlfnCiryRv-ttnyzg reason={"error":"invalid_request","error_description":"REPLAY"} statusCode=400
[RedirectUriValidation|RPR-33]: ❌  RP returns an error response when redirect URI processing fails server-side
[RedirectUriValidation|RPR-34]: Conformance test: Slow network conditions
[RedirectUriValidation|RPR-34]: → Measuring redirect_uri HTTP response time...
[error] [REDIRECT_URI] step failed: message=Http request failed. Expected 200, got 400, url: http://localhost:8080/openid4vp/response/AfewnOlfnCiryRv-ttnyzg reason={"error":"invalid_request","error_description":"REPLAY"} statusCode=400
[RedirectUriValidation|RPR-34]: ❌  RP provides the HTTP response within the maximum limit of 2 seconds
[RedirectUriValidation|RPR-40]: Conformance test: Relying Party Response malformed responses
[RedirectUriValidation|RPR-40]: → Posting a malformed JARM response to response_uri...
[RedirectUriValidation|RPR-40]: → Validating RP returned an error response...
[RedirectUriValidation|RPR-40]: ✅  RP returns an error response when the wallet response is malformed
[RedirectUriValidation|RPR-42]: Conformance test: Status Endpoint session timeouts
[RedirectUriValidation|RPR-42]: → Running redirect step to get a valid status endpoint URL...
[error] [REDIRECT_URI] step failed: message=Http request failed. Expected 200, got 400, url: http://localhost:8080/openid4vp/response/AfewnOlfnCiryRv-ttnyzg reason={"error":"invalid_request","error_description":"REPLAY"} statusCode=400
[RedirectUriValidation|RPR-42]: ❌  RP returns an error response when the status endpoint session has timed out
[RedirectUriValidation|RPR-43]: Conformance test: Status Endpoint invalid status codes
[RedirectUriValidation|RPR-43]: → Running redirect step to get a valid status endpoint URL...
[error] [REDIRECT_URI] step failed: message=Http request failed. Expected 200, got 400, url: http://localhost:8080/openid4vp/response/AfewnOlfnCiryRv-ttnyzg reason={"error":"invalid_request","error_description":"REPLAY"} statusCode=400
[RedirectUriValidation|RPR-43]: ❌  RP returns an error response when the status endpoint receives an invalid status code
[RedirectUriValidation|RPR-44]: Conformance test: Redirect URI invalid user sessions
[RedirectUriValidation|RPR-44]: → Running redirect step to get a valid redirect_uri...
[error] [REDIRECT_URI] step failed: message=Http request failed. Expected 200, got 400, url: http://localhost:8080/openid4vp/response/AfewnOlfnCiryRv-ttnyzg reason={"error":"invalid_request","error_description":"REPLAY"} statusCode=400
[RedirectUriValidation|RPR-44]: ❌  RP returns an error response when the redirect URI user session is invalid
[RedirectUriValidation|RPR-45]: Conformance test: Redirect URI unavailable services
[RedirectUriValidation|RPR-45]: → Running redirect step to get a valid redirect_uri...
[error] [REDIRECT_URI] step failed: message=Http request failed. Expected 200, got 400, url: http://localhost:8080/openid4vp/response/AfewnOlfnCiryRv-ttnyzg reason={"error":"invalid_request","error_description":"REPLAY"} statusCode=400
[RedirectUriValidation|RPR-45]: ❌  RP returns an error response when redirect URI service handling is unavailable
[RedirectUriValidation|RPR-56]: Conformance test: Protected Resource Endpoint unauthorized session access
[RedirectUriValidation|RPR-56]: → Running redirect step to get a valid protected resource URL...
[error] [REDIRECT_URI] step failed: message=Http request failed. Expected 200, got 400, url: http://localhost:8080/openid4vp/response/AfewnOlfnCiryRv-ttnyzg reason={"error":"invalid_request","error_description":"REPLAY"} statusCode=400
[RedirectUriValidation|RPR-56]: ❌  RP denies unauthorized access to protected resource endpoints
[RedirectUriValidation|RPR-57]: Conformance test: Redirect URI invalid redirect parameters
[RedirectUriValidation|RPR-57]: → Running redirect step to get a valid redirect_uri...
[error] [REDIRECT_URI] step failed: message=Http request failed. Expected 200, got 400, url: http://localhost:8080/openid4vp/response/AfewnOlfnCiryRv-ttnyzg reason={"error":"invalid_request","error_description":"REPLAY"} statusCode=400
[RedirectUriValidation|RPR-57]: ❌  RP returns an error response when redirect parameters are invalid
[RedirectUriValidation|RPR-58]: Conformance test: Redirect URI redirect failures
[RedirectUriValidation|RPR-58]: → Running redirect step to get a valid redirect_uri...
[error] [REDIRECT_URI] step failed: message=Http request failed. Expected 200, got 400, url: http://localhost:8080/openid4vp/response/AfewnOlfnCiryRv-ttnyzg reason={"error":"invalid_request","error_description":"REPLAY"} statusCode=400
[RedirectUriValidation|RPR-58]: ❌  RP returns an error response when redirect processing fails
[RedirectUriValidation|RPR-59]: Conformance test: Same Device Flow user cancellation
[RedirectUriValidation|RPR-59]: → Posting a wallet cancellation Authorization Error Response to response_uri...
[RedirectUriValidation|RPR-59]: → Validating RP acknowledges the cancellation without treating it as a server error...
[RedirectUriValidation|RPR-59]: ✅  RP handles Same Device Flow cancellation through access_denied
[RedirectUriValidation|RPR-41]: Conformance test: Missing response parameters
[RedirectUriValidation|RPR-41]: → Posting to response_uri without the 'response' parameter...
[RedirectUriValidation|RPR-41]: → Validating RP rejected the missing parameter...
[RedirectUriValidation|RPR-41]: ✅  RP correctly detects missing required response parameters
[RedirectUriValidation|RPR-64]: Conformance test: Response format errors
[RedirectUriValidation|RPR-64]: → Posting raw garbage data to response_uri as form-urlencoded...
[RedirectUriValidation|RPR-64]: → Validating RP rejected the malformed payload...
[RedirectUriValidation|RPR-64]: ✅  RP rejects malformed form/JARM payloads
[RedirectUriValidation|RPR-69]: Conformance test: Status Endpoint session expiration
[RedirectUriValidation|RPR-69]: → Running redirect step to get a valid status endpoint URL...
[error] [REDIRECT_URI] step failed: message=Http request failed. Expected 200, got 400, url: http://localhost:8080/openid4vp/response/AfewnOlfnCiryRv-ttnyzg reason={"error":"invalid_request","error_description":"REPLAY"} statusCode=400
[RedirectUriValidation|RPR-69]: ❌  RP returns an error response when the status endpoint session is expired
[RedirectUriValidation|RPR-70]: Conformance test: Status Endpoint session renewal errors
[RedirectUriValidation|RPR-70]: → Running redirect step to get a valid status endpoint URL...
[error] [REDIRECT_URI] step failed: message=Http request failed. Expected 200, got 400, url: http://localhost:8080/openid4vp/response/AfewnOlfnCiryRv-ttnyzg reason={"error":"invalid_request","error_description":"REPLAY"} statusCode=400
[RedirectUriValidation|RPR-70]: ❌  RP returns an error response when status endpoint session renewal fails
[RedirectUriValidation|RPR-71]: Conformance test: Redirect URI redirect loop errors
[RedirectUriValidation|RPR-71]: → Running redirect step to get a valid redirect_uri...
[error] [REDIRECT_URI] step failed: message=Http request failed. Expected 200, got 400, url: http://localhost:8080/openid4vp/response/AfewnOlfnCiryRv-ttnyzg reason={"error":"invalid_request","error_description":"REPLAY"} statusCode=400
[RedirectUriValidation|RPR-71]: ❌  RP returns an error response when redirect loop handling fails
[RedirectUriValidation|RPR-72]: Conformance test: Redirect URI redirect security errors
[RedirectUriValidation|RPR-72]: → Running redirect step to get a valid redirect_uri...
[error] [REDIRECT_URI] step failed: message=Http request failed. Expected 200, got 400, url: http://localhost:8080/openid4vp/response/AfewnOlfnCiryRv-ttnyzg reason={"error":"invalid_request","error_description":"REPLAY"} statusCode=400
[RedirectUriValidation|RPR-72]: ❌  RP returns an error response when redirect security validation fails
[RedirectUriValidation|RPR-98]: Conformance test: Error response content type
[RedirectUriValidation|RPR-98]: → Sending invalid request to response_uri to trigger error...
[RedirectUriValidation|RPR-98]: → Validating error response has application/json content type...
[RedirectUriValidation|RPR-98]: ✅  RP returns application/json for error responses
[RedirectUriValidation|RPR-99]: Conformance test: Error response parameters
[RedirectUriValidation|RPR-99]: → Sending invalid request to response_uri to trigger error...
[RedirectUriValidation|RPR-99]: → Validating error response contains error and error_description...
[RedirectUriValidation|RPR-99]: ✅  RP includes error and error_description parameters
[RedirectUriValidation|RPR-108]: Conformance test: Authorization Error Response handling
[RedirectUriValidation|RPR-108]: → Posting an explicit authorization error to response_uri...
[RedirectUriValidation|RPR-108]: → Validating RP accepted or acknowledged the error response...
[RedirectUriValidation|RPR-108]: ✅  RP correctly handles explicit authorization error from wallet
[RedirectUriValidation|RPR-109]: Conformance test: Authorization Error Response encoding
[RedirectUriValidation|RPR-109]: → Posting authorization error as x-www-form-urlencoded...
[RedirectUriValidation|RPR-109]: → Validating RP processed the form-urlencoded error response...
[RedirectUriValidation|RPR-109]: ✅  RP parses authorization generic errors over x-www-form-urlencoded
[RedirectUriValidation|RPR-114]: Conformance test: Validation error response on response_uri
[RedirectUriValidation|RPR-114]: → Posting a structurally valid but semantically wrong JARM to trigger validation error...
[RedirectUriValidation|RPR-114]: → Validating the error response has proper structure...
[RedirectUriValidation|RPR-114]: ✅  RP returns correct error structure upon wallet submission failure

┌───────────────────────────────────────────────────────────┐
│  Test Results                                             │
├───────────────────────────────────────────────────────────┤
│  ❌  12 passed  17 failed  ⏱ 103ms  RedirectUriValidation  │
└───────────────────────────────────────────────────────────┘

···xxxxxx·xxxxxxx···xxxx·····Conformance session ID: 66a7d169-3017-4792-8fc0-a758aef77cdd


⎯⎯⎯⎯⎯⎯ Failed Tests 23 ⎯⎯⎯⎯⎯⎯⎯

 FAIL  dist/tests/conformance/presentation/authorization-request.presentation.spec.js > [AuthorizationRequestValidation] Presentation Authorization Request Validation > RPR-39: Invalid nonce values | RP rejects a response containing a nonce mismatch
AssertionError: expected true to be false // Object.is equality

[32m- Expected[39m
[31m+ Received[39m

[32m- false[39m
[31m+ true[39m

 ❯ dist/tests/conformance/presentation/authorization-request.presentation.spec.js:5152:27

⎯⎯⎯⎯⎯⎯⎯⎯⎯⎯⎯⎯⎯⎯⎯⎯⎯⎯⎯⎯⎯⎯⎯[1/23]⎯

 FAIL  dist/tests/conformance/presentation/authorization-request.presentation.spec.js > [AuthorizationRequestValidation] Presentation Authorization Request Validation > RPR-68: Relying Party Response | RP returns an error response for timed-out authorization responses
AssertionError: expected true to be false // Object.is equality

[32m- Expected[39m
[31m+ Received[39m

[32m- false[39m
[31m+ true[39m

 ❯ dist/tests/conformance/presentation/authorization-request.presentation.spec.js:5500:27

⎯⎯⎯⎯⎯⎯⎯⎯⎯⎯⎯⎯⎯⎯⎯⎯⎯⎯⎯⎯⎯⎯⎯[2/23]⎯

 FAIL  dist/tests/conformance/presentation/happy.presentation.spec.js > [HappyFlowPresentation] Credential Presentation Tests > RPR-01: Relying Party issues a correct URL using the base url provided within its metadata.
AssertionError: expected [ 'haip:', 'https:' ] to include 'http:'
 ❯ dist/tests/conformance/presentation/happy.presentation.spec.js:4919:35

⎯⎯⎯⎯⎯⎯⎯⎯⎯⎯⎯⎯⎯⎯⎯⎯⎯⎯⎯⎯⎯⎯⎯[3/23]⎯

 FAIL  dist/tests/conformance/presentation/happy.presentation.spec.js > [HappyFlowPresentation] Credential Presentation Tests > RPR-84: Flow Support | Relying Party supports both Same Device and Cross Device flows
AssertionError: expected [ 'haip:', 'https:' ] to include 'http:'
 ❯ dist/tests/conformance/presentation/happy.presentation.spec.js:6016:35

⎯⎯⎯⎯⎯⎯⎯⎯⎯⎯⎯⎯⎯⎯⎯⎯⎯⎯⎯⎯⎯⎯⎯[4/23]⎯

 FAIL  dist/tests/conformance/presentation/happy.presentation.spec.js > [HappyFlowPresentation] Credential Presentation Tests > RPR-105: KB-JWT payload contains required iat, aud, nonce, and sd_hash.
AssertionError: expected [ Array(1) ] to include 'http://localhost:8080'
 ❯ dist/tests/conformance/presentation/happy.presentation.spec.js:6332:32

⎯⎯⎯⎯⎯⎯⎯⎯⎯⎯⎯⎯⎯⎯⎯⎯⎯⎯⎯⎯⎯⎯⎯[5/23]⎯

 FAIL  dist/tests/conformance/presentation/happy.presentation.spec.js > [HappyFlowPresentation] Credential Presentation Tests > RPR-106: KB-JWT aud claim equals the Relying Party unique entity identifier.
AssertionError: RPR-106: KB-JWT aud must equal RP identifier: expected [ Array(1) ] to include 'http://localhost:8080'
 ❯ dist/tests/conformance/presentation/happy.presentation.spec.js:6373:11

⎯⎯⎯⎯⎯⎯⎯⎯⎯⎯⎯⎯⎯⎯⎯⎯⎯⎯⎯⎯⎯⎯⎯[6/23]⎯

 FAIL  dist/tests/conformance/presentation/redirect-uri.presentation.spec.js > [RedirectUriValidation] Presentation Redirect URI Validation Tests > RPR-29: Invalid response codes | RP gracefully handles invalid response_code in redirect
AssertionError: expected false to be true // Object.is equality

[32m- Expected[39m
[31m+ Received[39m

[32m- true[39m
[31m+ false[39m

 ❯ dist/tests/conformance/presentation/redirect-uri.presentation.spec.js:4840:30

⎯⎯⎯⎯⎯⎯⎯⎯⎯⎯⎯⎯⎯⎯⎯⎯⎯⎯⎯⎯⎯⎯⎯[7/23]⎯

 FAIL  dist/tests/conformance/presentation/redirect-uri.presentation.spec.js > [RedirectUriValidation] Presentation Redirect URI Validation Tests > RPR-30: Verify handling of unauthorized access.
AssertionError: expected false to be true // Object.is equality

[32m- Expected[39m
[31m+ Received[39m

[32m- true[39m
[31m+ false[39m

 ❯ dist/tests/conformance/presentation/redirect-uri.presentation.spec.js:4871:30

⎯⎯⎯⎯⎯⎯⎯⎯⎯⎯⎯⎯⎯⎯⎯⎯⎯⎯⎯⎯⎯⎯⎯[8/23]⎯

 FAIL  dist/tests/conformance/presentation/redirect-uri.presentation.spec.js > [RedirectUriValidation] Presentation Redirect URI Validation Tests > RPR-31: Test handling of invalid session IDs.
AssertionError: expected false to be true // Object.is equality

[32m- Expected[39m
[31m+ Received[39m

[32m- true[39m
[31m+ false[39m

 ❯ fetchRedirectUrl dist/tests/conformance/presentation/redirect-uri.presentation.spec.js:4720:28
 ❯ dist/tests/conformance/presentation/redirect-uri.presentation.spec.js:4905:27

⎯⎯⎯⎯⎯⎯⎯⎯⎯⎯⎯⎯⎯⎯⎯⎯⎯⎯⎯⎯⎯⎯⎯[9/23]⎯

 FAIL  dist/tests/conformance/presentation/redirect-uri.presentation.spec.js > [RedirectUriValidation] Presentation Redirect URI Validation Tests > RPR-32: Verify handling of expired sessions.
AssertionError: expected false to be true // Object.is equality

[32m- Expected[39m
[31m+ Received[39m

[32m- true[39m
[31m+ false[39m

 ❯ fetchRedirectUrl dist/tests/conformance/presentation/redirect-uri.presentation.spec.js:4720:28
 ❯ dist/tests/conformance/presentation/redirect-uri.presentation.spec.js:4929:27

⎯⎯⎯⎯⎯⎯⎯⎯⎯⎯⎯⎯⎯⎯⎯⎯⎯⎯⎯⎯⎯⎯[10/23]⎯

 FAIL  dist/tests/conformance/presentation/redirect-uri.presentation.spec.js > [RedirectUriValidation] Presentation Redirect URI Validation Tests > RPR-33: Test handling of server errors.
AssertionError: expected false to be true // Object.is equality

[32m- Expected[39m
[31m+ Received[39m

[32m- true[39m
[31m+ false[39m

 ❯ fetchRedirectUrl dist/tests/conformance/presentation/redirect-uri.presentation.spec.js:4720:28
 ❯ dist/tests/conformance/presentation/redirect-uri.presentation.spec.js:4950:27

⎯⎯⎯⎯⎯⎯⎯⎯⎯⎯⎯⎯⎯⎯⎯⎯⎯⎯⎯⎯⎯⎯[11/23]⎯

 FAIL  dist/tests/conformance/presentation/redirect-uri.presentation.spec.js > [RedirectUriValidation] Presentation Redirect URI Validation Tests > RPR-34: Verify handling of slow network conditions.
AssertionError: expected false to be true // Object.is equality

[32m- Expected[39m
[31m+ Received[39m

[32m- true[39m
[31m+ false[39m

 ❯ fetchRedirectUrl dist/tests/conformance/presentation/redirect-uri.presentation.spec.js:4720:28
 ❯ dist/tests/conformance/presentation/redirect-uri.presentation.spec.js:4976:27

⎯⎯⎯⎯⎯⎯⎯⎯⎯⎯⎯⎯⎯⎯⎯⎯⎯⎯⎯⎯⎯⎯[12/23]⎯

 FAIL  dist/tests/conformance/presentation/redirect-uri.presentation.spec.js > [RedirectUriValidation] Presentation Redirect URI Validation Tests > RPR-42: Status Endpoint | RP returns an error response for timed-out sessions
AssertionError: expected false to be true // Object.is equality

[32m- Expected[39m
[31m+ Received[39m

[32m- true[39m
[31m+ false[39m

 ❯ fetchRedirectUrl dist/tests/conformance/presentation/redirect-uri.presentation.spec.js:4720:28
 ❯ dist/tests/conformance/presentation/redirect-uri.presentation.spec.js:5019:25

⎯⎯⎯⎯⎯⎯⎯⎯⎯⎯⎯⎯⎯⎯⎯⎯⎯⎯⎯⎯⎯⎯[13/23]⎯

 FAIL  dist/tests/conformance/presentation/redirect-uri.presentation.spec.js > [RedirectUriValidation] Presentation Redirect URI Validation Tests > RPR-43: Status Endpoint | RP rejects invalid status codes
AssertionError: expected false to be true // Object.is equality

[32m- Expected[39m
[31m+ Received[39m

[32m- true[39m
[31m+ false[39m

 ❯ fetchRedirectUrl dist/tests/conformance/presentation/redirect-uri.presentation.spec.js:4720:28
 ❯ dist/tests/conformance/presentation/redirect-uri.presentation.spec.js:5040:25

⎯⎯⎯⎯⎯⎯⎯⎯⎯⎯⎯⎯⎯⎯⎯⎯⎯⎯⎯⎯⎯⎯[14/23]⎯

 FAIL  dist/tests/conformance/presentation/redirect-uri.presentation.spec.js > [RedirectUriValidation] Presentation Redirect URI Validation Tests > RPR-44: Redirect URI | RP rejects invalid user sessions
AssertionError: expected false to be true // Object.is equality

[32m- Expected[39m
[31m+ Received[39m

[32m- true[39m
[31m+ false[39m

 ❯ fetchRedirectUrl dist/tests/conformance/presentation/redirect-uri.presentation.spec.js:4720:28
 ❯ dist/tests/conformance/presentation/redirect-uri.presentation.spec.js:5061:27

⎯⎯⎯⎯⎯⎯⎯⎯⎯⎯⎯⎯⎯⎯⎯⎯⎯⎯⎯⎯⎯⎯[15/23]⎯

 FAIL  dist/tests/conformance/presentation/redirect-uri.presentation.spec.js > [RedirectUriValidation] Presentation Redirect URI Validation Tests > RPR-45: Redirect URI | RP handles unavailable services with an error response
AssertionError: expected false to be true // Object.is equality

[32m- Expected[39m
[31m+ Received[39m

[32m- true[39m
[31m+ false[39m

 ❯ fetchRedirectUrl dist/tests/conformance/presentation/redirect-uri.presentation.spec.js:4720:28
 ❯ dist/tests/conformance/presentation/redirect-uri.presentation.spec.js:5085:27

⎯⎯⎯⎯⎯⎯⎯⎯⎯⎯⎯⎯⎯⎯⎯⎯⎯⎯⎯⎯⎯⎯[16/23]⎯

 FAIL  dist/tests/conformance/presentation/redirect-uri.presentation.spec.js > [RedirectUriValidation] Presentation Redirect URI Validation Tests > RPR-56: Protected Resource Endpoint | RP denies unauthorized session access
AssertionError: expected false to be true // Object.is equality

[32m- Expected[39m
[31m+ Received[39m

[32m- true[39m
[31m+ false[39m

 ❯ fetchRedirectUrl dist/tests/conformance/presentation/redirect-uri.presentation.spec.js:4720:28
 ❯ dist/tests/conformance/presentation/redirect-uri.presentation.spec.js:5114:36

⎯⎯⎯⎯⎯⎯⎯⎯⎯⎯⎯⎯⎯⎯⎯⎯⎯⎯⎯⎯⎯⎯[17/23]⎯

 FAIL  dist/tests/conformance/presentation/redirect-uri.presentation.spec.js > [RedirectUriValidation] Presentation Redirect URI Validation Tests > RPR-57: Redirect URI | RP returns an error response for invalid redirect parameters
AssertionError: expected false to be true // Object.is equality

[32m- Expected[39m
[31m+ Received[39m

[32m- true[39m
[31m+ false[39m

 ❯ fetchRedirectUrl dist/tests/conformance/presentation/redirect-uri.presentation.spec.js:4720:28
 ❯ dist/tests/conformance/presentation/redirect-uri.presentation.spec.js:5145:27

⎯⎯⎯⎯⎯⎯⎯⎯⎯⎯⎯⎯⎯⎯⎯⎯⎯⎯⎯⎯⎯⎯[18/23]⎯

 FAIL  dist/tests/conformance/presentation/redirect-uri.presentation.spec.js > [RedirectUriValidation] Presentation Redirect URI Validation Tests > RPR-58: Redirect URI | RP returns an error response for redirect failures
AssertionError: expected false to be true // Object.is equality

[32m- Expected[39m
[31m+ Received[39m

[32m- true[39m
[31m+ false[39m

 ❯ fetchRedirectUrl dist/tests/conformance/presentation/redirect-uri.presentation.spec.js:4720:28
 ❯ dist/tests/conformance/presentation/redirect-uri.presentation.spec.js:5172:27

⎯⎯⎯⎯⎯⎯⎯⎯⎯⎯⎯⎯⎯⎯⎯⎯⎯⎯⎯⎯⎯⎯[19/23]⎯

 FAIL  dist/tests/conformance/presentation/redirect-uri.presentation.spec.js > [RedirectUriValidation] Presentation Redirect URI Validation Tests > RPR-69: Status Endpoint | RP returns an error response for expired sessions
AssertionError: expected false to be true // Object.is equality

[32m- Expected[39m
[31m+ Received[39m

[32m- true[39m
[31m+ false[39m

 ❯ fetchRedirectUrl dist/tests/conformance/presentation/redirect-uri.presentation.spec.js:4720:28
 ❯ dist/tests/conformance/presentation/redirect-uri.presentation.spec.js:5270:25

⎯⎯⎯⎯⎯⎯⎯⎯⎯⎯⎯⎯⎯⎯⎯⎯⎯⎯⎯⎯⎯⎯[20/23]⎯

 FAIL  dist/tests/conformance/presentation/redirect-uri.presentation.spec.js > [RedirectUriValidation] Presentation Redirect URI Validation Tests > RPR-70: Status Endpoint | RP returns an error response for session renewal errors
AssertionError: expected false to be true // Object.is equality

[32m- Expected[39m
[31m+ Received[39m

[32m- true[39m
[31m+ false[39m

 ❯ fetchRedirectUrl dist/tests/conformance/presentation/redirect-uri.presentation.spec.js:4720:28
 ❯ dist/tests/conformance/presentation/redirect-uri.presentation.spec.js:5295:26

⎯⎯⎯⎯⎯⎯⎯⎯⎯⎯⎯⎯⎯⎯⎯⎯⎯⎯⎯⎯⎯⎯[21/23]⎯

 FAIL  dist/tests/conformance/presentation/redirect-uri.presentation.spec.js > [RedirectUriValidation] Presentation Redirect URI Validation Tests > RPR-71: Redirect URI | RP returns an error response for redirect loop errors
AssertionError: expected false to be true // Object.is equality

[32m- Expected[39m
[31m+ Received[39m

[32m- true[39m
[31m+ false[39m

 ❯ fetchRedirectUrl dist/tests/conformance/presentation/redirect-uri.presentation.spec.js:4720:28
 ❯ dist/tests/conformance/presentation/redirect-uri.presentation.spec.js:5324:27

⎯⎯⎯⎯⎯⎯⎯⎯⎯⎯⎯⎯⎯⎯⎯⎯⎯⎯⎯⎯⎯⎯[22/23]⎯

 FAIL  dist/tests/conformance/presentation/redirect-uri.presentation.spec.js > [RedirectUriValidation] Presentation Redirect URI Validation Tests > RPR-72: Redirect URI | RP returns an error response for redirect security errors
AssertionError: expected false to be true // Object.is equality

[32m- Expected[39m
[31m+ Received[39m

[32m- true[39m
[31m+ false[39m

 ❯ fetchRedirectUrl dist/tests/conformance/presentation/redirect-uri.presentation.spec.js:4720:28
 ❯ dist/tests/conformance/presentation/redirect-uri.presentation.spec.js:5353:27

⎯⎯⎯⎯⎯⎯⎯⎯⎯⎯⎯⎯⎯⎯⎯⎯⎯⎯⎯⎯⎯⎯[23/23]⎯


 Test Files  3 failed (3)
      Tests  23 failed | 67 passed | 1 skipped (91)
   Start at  22:11:26
   Duration  3.75s (transform 19ms, setup 27ms, collect 908ms, tests 1.86s, environment 0ms, prepare 232ms)

[info] [globalSetup] Trust anchor stopped
[info] [globalSetup] Wallet provider stopped
[info] [globalSetup] Credential Issuer stopped
